+--------------+--------+
| k            | v      |
+--------------+--------+
| m_002 status | active |
+--------------+--------+
+-------------+---+
| k           | v |
+-------------+---+
| m_002 roles | 1 |
+-------------+---+
+----------------------+---+
| k                    | v |
+----------------------+---+
| foreign team members | 2 |
+----------------------+---+
+---------------------+---+
| k                   | v |
+---------------------+---+
| foreign team exists | 1 |
+---------------------+---+
+-----------------------------+---+
| k                           | v |
+-----------------------------+---+
| foreign dept active members | 5 |
+-----------------------------+---+
+------------------------------+---+
| k                            | v |
+------------------------------+---+
| foreign title active members | 1 |
+------------------------------+---+
ERROR 1054 (42S22) at line 8: Unknown column 'name' in 'where clause'
0
