+-------------+--------------------------------------+----------+
| k           | department_id                        | status   |
+-------------+--------------------------------------+----------+
| smoke depts | 01a11fb9-6dc8-7619-b5e5-0b00f6262a59 | inactive |
| smoke depts | 01a11fb9-cfa1-7370-a82f-bf87955cad77 | inactive |
+-------------+--------------------------------------+----------+
+--------------+--------------------------------------+----------+
| k            | title_id                             | status   |
+--------------+--------------------------------------+----------+
| smoke titles | 01a11fb9-74ba-7824-ac85-a0a6eb386780 | inactive |
| smoke titles | 01a11fb9-d6b5-72ee-ac96-77b0e8b1215a | inactive |
+--------------+--------------------------------------+----------+
+------------------+---+
| k                | v |
+------------------+---+
| smoke teams left | 0 |
+------------------+---+
+----------------------------------+---+
| k                                | v |
+----------------------------------+---+
| active dept links to smoke depts | 0 |
+----------------------------------+---+
