+---------------------------+------+----------------------------------+
| k                         | n    | h                                |
+---------------------------+------+----------------------------------+
| H_out_of_scope_role_perms | 1086 | 4d99f41f2b2dbdc2f45860b3bebc6530 |
+---------------------------+------+----------------------------------+
+-------------------+--------------------------------------+---------------------------------------------------------+----------+-------+
| k                 | role_id                              | role_code                                               | status   | perms |
+-------------------+--------------------------------------+---------------------------------------------------------+----------+-------+
| c001_custom_roles | 019f8514-2fe0-7a8f-a09e-1477c8b80ba6 | custom_ai_smoke_assign_phase_c_1784644120_019f8514      | inactive |     1 |
| c001_custom_roles | 019f8513-bdf6-7243-9fa7-33f5670bb97d | custom_ai_smoke_clone_phase_c_1784644090_019f8513       | inactive |    23 |
| c001_custom_roles | 019f8513-bd52-753e-b7ae-45115f02ac4f | custom_ai_smoke_custom_role_phase_c_1784644090_019f8513 | inactive |     0 |
+-------------------+--------------------------------------+---------------------------------------------------------+----------+-------+
+------------------------+----+----------------------------------+
| k                      | n  | h                                |
+------------------------+----+----------------------------------+
| H_non_grantable_direct | 26 | 74fa69d85f1175c4d53a9658eb157836 |
+------------------------+----+----------------------------------+
+-------------+---------------------------------+--------+
| k           | permission_code                 | active |
+-------------+---------------------------------+--------+
| m102_direct | ad_hoc_alert.propose            |      1 |
| m102_direct | ad_hoc_alert.propose            |      1 |
| m102_direct | ad_hoc_alert.read               |      1 |
| m102_direct | ad_hoc_alert.read               |      1 |
| m102_direct | template.workflow.override.read |      1 |
| m102_direct | template.workflow.override.read |      1 |
+-------------+---------------------------------+--------+
+------------+--------------------+
| k          | role_code          |
+------------+--------------------+
| m102_roles | admin_doanh_nghiep |
+------------+--------------------+
+----------------------------+------------+---+
| k                          | company_id | n |
+----------------------------+------------+---+
| cms_operator_platform_view | c_001      | 2 |
| cms_operator_platform_view | c_002      | 1 |
+----------------------------+------------+---+
+------------------------+------------------+
| k                      | is_primary_admin |
+------------------------+------------------+
| is_primary_admin m_102 |                0 |
+------------------------+------------------+
+----------------------+---------+---+
| k                    | max_ver | n |
+----------------------+---------+---+
| rbac snapshots c_001 |       4 | 4 |
+----------------------+---------+---+
+-------------------------+---------+---+
| k                       | status  | n |
+-------------------------+---------+---+
| pending approvals c_001 | pending | 1 |
+-------------------------+---------+---+
