+---------------------------+------+----------------------------------+
| k                         | n    | h                                |
+---------------------------+------+----------------------------------+
| H_out_of_scope_role_perms | 1086 | 4d99f41f2b2dbdc2f45860b3bebc6530 |
+---------------------------+------+----------------------------------+
+------------------------+----+----------------------------------+
| k                      | n  | h                                |
+------------------------+----+----------------------------------+
| H_non_grantable_direct | 26 | 74fa69d85f1175c4d53a9658eb157836 |
+------------------------+----+----------------------------------+
+-------------+------------------------------------+-------------+--------------+
| k           | permission_code                    | active_rows | revoked_rows |
+-------------+------------------------------------+-------------+--------------+
| m102_direct | ad_hoc_alert.propose               |           2 |            0 |
| m102_direct | ad_hoc_alert.read                  |           2 |            0 |
| m102_direct | template.workflow.override.approve |           0 |            2 |
| m102_direct | template.workflow.override.read    |           2 |            0 |
+-------------+------------------------------------+-------------+--------------+
+-----------+--------------------------------------+----------+-------+
| k         | role_id                              | status   | perms |
+-----------+--------------------------------------+----------+-------+
| temp role | 01a12000-4dd2-771c-8d8a-ff2a866e5fc9 | inactive |     0 |
+-----------+--------------------------------------+----------+-------+
+----------------------------+------------+---+
| k                          | company_id | n |
+----------------------------+------------+---+
| cms_operator_platform_view | c_001      | 2 |
| cms_operator_platform_view | c_002      | 1 |
+----------------------------+------------+---+
+---------------------+------------+--------------+-----------------------------+
| k                   | version_no | source       | reason                      |
+---------------------+------------+--------------+-----------------------------+
| rbac versions c_001 |          5 | mutation_api | NULL                        |
| rbac versions c_001 |          6 | mutation_api | NULL                        |
| rbac versions c_001 |          7 | rollback     | ROLE-01 smoke delete path   |
| rbac versions c_001 |          8 | mutation_api | NULL                        |
| rbac versions c_001 |          9 | rollback     | ROLE-01 smoke insert path   |
| rbac versions c_001 |         10 | mutation_api | NULL                        |
| rbac versions c_001 |         11 | mutation_api | NULL                        |
| rbac versions c_001 |         12 | rollback     | ROLE-01 smoke direct grant  |
| rbac versions c_001 |         13 | rollback     | ROLE-01 smoke direct revoke |
| rbac versions c_001 |         14 | mutation_api | NULL                        |
+---------------------+------------+--------------+-----------------------------+
+-------------------------+---------+-------------------------+---+
| k                       | status  | change_type             | n |
+-------------------------+---------+-------------------------+---+
| pending approvals c_001 | pending | notification_rule.patch | 1 |
+-------------------------+---------+-------------------------+---+
api error/panic lines (since deploy):
0
0
